PHPUnit 9.6.34 by Sebastian Bergmann and contributors.

{#3039
  +"message": ""
  +"exception": "Symfony\Component\HttpKernel\Exception\NotFoundHttpException"
  +"file": "/home/neologicx/Desktop/Projects/dudicoalmine.mobilogicx.com/vendor/laravel/framework/src/Illuminate/Routing/AbstractRouteCollection.php"
  +"line": 43
  +"trace": array:37 [
    0 => {#4781
      +"file": "/home/neologicx/Desktop/Projects/dudicoalmine.mobilogicx.com/vendor/laravel/framework/src/Illuminate/Routing/RouteCollection.php"
      +"line": 162
      +"function": "handleMatchedRoute"
      +"class": "Illuminate\Routing\AbstractRouteCollection"
      +"type": "->"
    }
    1 => {#4596
      +"file": "/home/neologicx/Desktop/Projects/dudicoalmine.mobilogicx.com/vendor/laravel/framework/src/Illuminate/Routing/Router.php"
      +"line": 673
      +"function": "match"
      +"class": "Illuminate\Routing\RouteCollection"
      +"type": "->"
    }
    2 => {#4780
      +"file": "/home/neologicx/Desktop/Projects/dudicoalmine.mobilogicx.com/vendor/laravel/framework/src/Illuminate/Routing/Router.php"
      +"line": 662
      +"function": "findRoute"
      +"class": "Illuminate\Routing\Router"
      +"type": "->"
    }
    3 => {#4247
      +"file": "/home/neologicx/Desktop/Projects/dudicoalmine.mobilogicx.com/vendor/laravel/framework/src/Illuminate/Routing/Router.php"
      +"line": 651
      +"function": "dispatchToRoute"
      +"class": "Illuminate\Routing\Router"
      +"type": "->"
    }
    4 => {#3232
      +"file": "/home/neologicx/Desktop/Projects/dudicoalmine.mobilogicx.com/vendor/laravel/framework/src/Illuminate/Foundation/Http/Kernel.php"
      +"line": 167
      +"function": "dispatch"
      +"class": "Illuminate\Routing\Router"
      +"type": "->"
    }
    5 => {#3528
      +"file": "/home/neologicx/Desktop/Projects/dudicoalmine.mobilogicx.com/vendor/laravel/framework/src/Illuminate/Pipeline/Pipeline.php"
      +"line": 128
      +"function": "Illuminate\Foundation\Http\{closure}"
      +"class": "Illuminate\Foundation\Http\Kernel"
      +"type": "->"
    }
    6 => {#2789
      +"file": "/home/neologicx/Desktop/Projects/dudicoalmine.mobilogicx.com/vendor/laravel/framework/src/Illuminate/Foundation/Http/Middleware/TransformsRequest.php"
      +"line": 21
      +"function": "Illuminate\Pipeline\{closure}"
      +"class": "Illuminate\Pipeline\Pipeline"
      +"type": "->"
    }
    7 => {#470
      +"file": "/home/neologicx/Desktop/Projects/dudicoalmine.mobilogicx.com/vendor/laravel/framework/src/Illuminate/Foundation/Http/Middleware/ConvertEmptyStringsToNull.php"
      +"line": 31
      +"function": "handle"
      +"class": "Illuminate\Foundation\Http\Middleware\TransformsRequest"
      +"type": "->"
    }
    8 => {#4433
      +"file": "/home/neologicx/Desktop/Projects/dudicoalmine.mobilogicx.com/vendor/laravel/framework/src/Illuminate/Pipeline/Pipeline.php"
      +"line": 167
      +"function": "handle"
      +"class": "Illuminate\Foundation\Http\Middleware\ConvertEmptyStringsToNull"
      +"type": "->"
    }
    9 => {#4248
      +"file": "/home/neologicx/Desktop/Projects/dudicoalmine.mobilogicx.com/vendor/laravel/framework/src/Illuminate/Foundation/Http/Middleware/TransformsRequest.php"
      +"line": 21
      +"function": "Illuminate\Pipeline\{closure}"
      +"class": "Illuminate\Pipeline\Pipeline"
      +"type": "->"
    }
    10 => {#4434
      +"file": "/home/neologicx/Desktop/Projects/dudicoalmine.mobilogicx.com/vendor/laravel/framework/src/Illuminate/Foundation/Http/Middleware/TrimStrings.php"
      +"line": 40
      +"function": "handle"
      +"class": "Illuminate\Foundation\Http\Middleware\TransformsRequest"
      +"type": "->"
    }
    11 => {#4598
      +"file": "/home/neologicx/Desktop/Projects/dudicoalmine.mobilogicx.com/vendor/laravel/framework/src/Illuminate/Pipeline/Pipeline.php"
      +"line": 167
      +"function": "handle"
      +"class": "Illuminate\Foundation\Http\Middleware\TrimStrings"
      +"type": "->"
    }
    12 => {#4437
      +"file": "/home/neologicx/Desktop/Projects/dudicoalmine.mobilogicx.com/vendor/laravel/framework/src/Illuminate/Foundation/Http/Middleware/ValidatePostSize.php"
      +"line": 27
      +"function": "Illuminate\Pipeline\{closure}"
      +"class": "Illuminate\Pipeline\Pipeline"
      +"type": "->"
    }
    13 => {#4438
      +"file": "/home/neologicx/Desktop/Projects/dudicoalmine.mobilogicx.com/vendor/laravel/framework/src/Illuminate/Pipeline/Pipeline.php"
      +"line": 167
      +"function": "handle"
      +"class": "Illuminate\Foundation\Http\Middleware\ValidatePostSize"
      +"type": "->"
    }
    14 => {#4603
      +"file": "/home/neologicx/Desktop/Projects/dudicoalmine.mobilogicx.com/vendor/laravel/framework/src/Illuminate/Foundation/Http/Middleware/PreventRequestsDuringMaintenance.php"
      +"line": 86
      +"function": "Illuminate\Pipeline\{closure}"
      +"class": "Illuminate\Pipeline\Pipeline"
      +"type": "->"
    }
    15 => {#4621
      +"file": "/home/neologicx/Desktop/Projects/dudicoalmine.mobilogicx.com/vendor/laravel/framework/src/Illuminate/Pipeline/Pipeline.php"
      +"line": 167
      +"function": "handle"
      +"class": "Illuminate\Foundation\Http\Middleware\PreventRequestsDuringMaintenance"
      +"type": "->"
    }
    16 => {#4502
      +"file": "/home/neologicx/Desktop/Projects/dudicoalmine.mobilogicx.com/vendor/fruitcake/laravel-cors/src/HandleCors.php"
      +"line": 38
      +"function": "Illuminate\Pipeline\{closure}"
      +"class": "Illuminate\Pipeline\Pipeline"
      +"type": "->"
    }
    17 => {#4319
      +"file": "/home/neologicx/Desktop/Projects/dudicoalmine.mobilogicx.com/vendor/laravel/framework/src/Illuminate/Pipeline/Pipeline.php"
      +"line": 167
      +"function": "handle"
      +"class": "Fruitcake\Cors\HandleCors"
      +"type": "->"
    }
    18 => {#4851
      +"file": "/home/neologicx/Desktop/Projects/dudicoalmine.mobilogicx.com/vendor/laravel/framework/src/Illuminate/Http/Middleware/TrustProxies.php"
      +"line": 39
      +"function": "Illuminate\Pipeline\{closure}"
      +"class": "Illuminate\Pipeline\Pipeline"
      +"type": "->"
    }
    19 => {#4668
      +"file": "/home/neologicx/Desktop/Projects/dudicoalmine.mobilogicx.com/vendor/laravel/framework/src/Illuminate/Pipeline/Pipeline.php"
      +"line": 167
      +"function": "handle"
      +"class": "Illuminate\Http\Middleware\TrustProxies"
      +"type": "->"
    }
    20 => {#4503
      +"file": "/home/neologicx/Desktop/Projects/dudicoalmine.mobilogicx.com/vendor/laravel/framework/src/Illuminate/Pipeline/Pipeline.php"
      +"line": 103
      +"function": "Illuminate\Pipeline\{closure}"
      +"class": "Illuminate\Pipeline\Pipeline"
      +"type": "->"
    }
    21 => {#4320
      +"file": "/home/neologicx/Desktop/Projects/dudicoalmine.mobilogicx.com/vendor/laravel/framework/src/Illuminate/Foundation/Http/Kernel.php"
      +"line": 142
      +"function": "then"
      +"class": "Illuminate\Pipeline\Pipeline"
      +"type": "->"
    }
    22 => {#4852
      +"file": "/home/neologicx/Desktop/Projects/dudicoalmine.mobilogicx.com/vendor/laravel/framework/src/Illuminate/Foundation/Http/Kernel.php"
      +"line": 111
      +"function": "sendRequestThroughRouter"
      +"class": "Illuminate\Foundation\Http\Kernel"
      +"type": "->"
    }
    23 => {#4669
      +"file": "/home/neologicx/Desktop/Projects/dudicoalmine.mobilogicx.com/vendor/laravel/framework/src/Illuminate/Foundation/Testing/Concerns/MakesHttpRequests.php"
      +"line": 510
      +"function": "handle"
      +"class": "Illuminate\Foundation\Http\Kernel"
      +"type": "->"
    }
    24 => {#4504
      +"file": "/home/neologicx/Desktop/Projects/dudicoalmine.mobilogicx.com/vendor/laravel/framework/src/Illuminate/Foundation/Testing/Concerns/MakesHttpRequests.php"
      +"line": 476
      +"function": "call"
      +"class": "Illuminate\Foundation\Testing\TestCase"
      +"type": "->"
    }
    25 => {#4321
      +"file": "/home/neologicx/Desktop/Projects/dudicoalmine.mobilogicx.com/vendor/laravel/framework/src/Illuminate/Foundation/Testing/Concerns/MakesHttpRequests.php"
      +"line": 335
      +"function": "json"
      +"class": "Illuminate\Foundation\Testing\TestCase"
      +"type": "->"
    }
    26 => {#4853
      +"file": "/home/neologicx/Desktop/Projects/dudicoalmine.mobilogicx.com/tests/Feature/ShiftPlanningToDispatchFlowTest.php"
      +"line": 191
      +"function": "postJson"
      +"class": "Illuminate\Foundation\Testing\TestCase"
      +"type": "->"
    }
    27 => {#4670
      +"file": "/home/neologicx/Desktop/Projects/dudicoalmine.mobilogicx.com/vendor/phpunit/phpunit/src/Framework/TestCase.php"
      +"line": 1617
      +"function": "test_full_mining_shift_lifecycle_flow"
      +"class": "Tests\Feature\ShiftPlanningToDispatchFlowTest"
      +"type": "->"
    }
    28 => {#4505
      +"file": "/home/neologicx/Desktop/Projects/dudicoalmine.mobilogicx.com/vendor/phpunit/phpunit/src/Framework/TestCase.php"
      +"line": 1223
      +"function": "runTest"
      +"class": "PHPUnit\Framework\TestCase"
      +"type": "->"
    }
    29 => {#4322
      +"file": "/home/neologicx/Desktop/Projects/dudicoalmine.mobilogicx.com/vendor/phpunit/phpunit/src/Framework/TestResult.php"
      +"line": 729
      +"function": "runBare"
      +"class": "PHPUnit\Framework\TestCase"
      +"type": "->"
    }
    30 => {#4854
      +"file": "/home/neologicx/Desktop/Projects/dudicoalmine.mobilogicx.com/vendor/phpunit/phpunit/src/Framework/TestCase.php"
      +"line": 973
      +"function": "run"
      +"class": "PHPUnit\Framework\TestResult"
      +"type": "->"
    }
    31 => {#4671
      +"file": "/home/neologicx/Desktop/Projects/dudicoalmine.mobilogicx.com/vendor/phpunit/phpunit/src/Framework/TestSuite.php"
      +"line": 685
      +"function": "run"
      +"class": "PHPUnit\Framework\TestCase"
      +"type": "->"
    }
    32 => {#4506
      +"file": "/home/neologicx/Desktop/Projects/dudicoalmine.mobilogicx.com/vendor/phpunit/phpunit/src/TextUI/TestRunner.php"
      +"line": 651
      +"function": "run"
      +"class": "PHPUnit\Framework\TestSuite"
      +"type": "->"
    }
    33 => {#4323
      +"file": "/home/neologicx/Desktop/Projects/dudicoalmine.mobilogicx.com/vendor/phpunit/phpunit/src/TextUI/Command.php"
      +"line": 146
      +"function": "run"
      +"class": "PHPUnit\TextUI\TestRunner"
      +"type": "->"
    }
    34 => {#4855
      +"file": "/home/neologicx/Desktop/Projects/dudicoalmine.mobilogicx.com/vendor/phpunit/phpunit/src/TextUI/Command.php"
      +"line": 99
      +"function": "run"
      +"class": "PHPUnit\TextUI\Command"
      +"type": "->"
    }
    35 => {#4672
      +"file": "/home/neologicx/Desktop/Projects/dudicoalmine.mobilogicx.com/vendor/phpunit/phpunit/phpunit"
      +"line": 107
      +"function": "main"
      +"class": "PHPUnit\TextUI\Command"
      +"type": "::"
    }
    36 => {#4507
      +"file": "/home/neologicx/Desktop/Projects/dudicoalmine.mobilogicx.com/vendor/bin/phpunit"
      +"line": 122
      +"function": "include"
    }
  ]
}
F                                                                   1 / 1 (100%)

Time: 00:18.407, Memory: 47.00 MB

There was 1 failure:

1) Tests\Feature\ShiftPlanningToDispatchFlowTest::test_full_mining_shift_lifecycle_flow
Expected response status code [201] but received 404.
Failed asserting that 201 is identical to 404.

/home/neologicx/Desktop/Projects/dudicoalmine.mobilogicx.com/vendor/laravel/framework/src/Illuminate/Testing/TestResponse.php:177
/home/neologicx/Desktop/Projects/dudicoalmine.mobilogicx.com/tests/Feature/ShiftPlanningToDispatchFlowTest.php:195

FAILURES!
Tests: 1, Assertions: 1, Failures: 1.
